// Jest Snapshot v1, https://goo.gl/fbAQLP

exports[`should render form 1`] = `
<Form
  onSubmit={[Function]}
>
  <Row
    className="mb-3"
  >
    <FormGroup
      className="mb-3"
      controlId="formFile"
    >
      <FormControl
        accept=".png,.jpg,.jpeg,.webp"
        data-testid="photo-file"
        onChange={[Function]}
        type="file"
      />
    </FormGroup>
  </Row>
  <Row
    className="mb-3"
  >
    <FormGroup
      as={
        {
          "$$typeof": Symbol(react.forward_ref),
          "render": [Function],
        }
      }
      controlId="description"
    >
      <FormControl
        as="textarea"
        data-testid="photo-description"
        onChange={[Function]}
        placeholder="Photo description"
        rows={5}
        value=""
      />
    </FormGroup>
  </Row>
  <Row
    className="mb-3"
  >
    <FormGroup
      as={
        {
          "$$typeof": Symbol(react.forward_ref),
          "render": [Function],
        }
      }
      controlId="overridePhotoDate"
    >
      <FormCheck
        checked={false}
        data-testid="photo-overridePhotoDate"
        id="overridePhotoDate-checkbox"
        label="Override photo date"
        onChange={[Function]}
        type="checkbox"
      />
    </FormGroup>
  </Row>
  <Row
    className="mb-3"
  >
    <FormGroup
      as={
        {
          "$$typeof": Symbol(react.forward_ref),
          "render": [Function],
        }
      }
      controlId="photoAddDate"
    >
      <FormControl
        data-testid="photo-add-date"
        disabled={true}
        onChange={[Function]}
        type="date"
        value="2024-07-12"
      />
    </FormGroup>
    <FormGroup
      as={
        {
          "$$typeof": Symbol(react.forward_ref),
          "render": [Function],
        }
      }
      controlId="photoAddTime"
    >
      <FormControl
        data-testid="photo-add-time"
        disabled={true}
        onChange={[Function]}
        type="time"
        value="20:00"
      />
    </FormGroup>
    <FormGroup
      as={
        {
          "$$typeof": Symbol(react.forward_ref),
          "render": [Function],
        }
      }
      controlId="submitForm"
    >
      <Button
        data-testid="add-photo-button"
        type="submit"
      >
        Add photo
      </Button>
    </FormGroup>
  </Row>
</Form>
`;
