// Jest Snapshot v1, https://goo.gl/fbAQLP

exports[`renders timeline with events 1`] = `
<Container
  className="justify-content-left"
>
  <Row>
    <h1>
      Events
    </h1>
  </Row>
  <Row>
    Immutable.List [
      <li>
        event-1
         (
        2024-07-12T20:00+02:00[SYSTEM]
        )
      </li>,
      <li>
        event-2
         (
        2024-07-12T21:00+02:00[SYSTEM]
        )
      </li>,
    ]
  </Row>
</Container>
`;
