// Jest Snapshot v1, https://goo.gl/fbAQLP

exports[`renders correctly 1`] = `
<React.Fragment>
  <h2>
    Login
  </h2>
  <Form
    onSubmit={[Function]}
  >
    <FormGroup
      className="mb-3"
      controlId="loginFormEmail"
    >
      <FormLabel>
        Email address
      </FormLabel>
      <FormControl
        onChange={[Function]}
        placeholder="Enter email"
        type="text"
        value=""
      />
    </FormGroup>
    <FormGroup
      className="mb-3"
      controlId="loginFormPassword"
    >
      <FormLabel>
        Password
      </FormLabel>
      <FormControl
        onChange={[Function]}
        placeholder="Password"
        type="password"
        value=""
      />
    </FormGroup>
    <Button
      type="submit"
      variant="primary"
    >
      Submit
    </Button>
  </Form>
</React.Fragment>
`;
