// Jest Snapshot v1, https://goo.gl/fbAQLP

exports[`renders correctly 1`] = `
<React.Fragment>
  <h2>
    Register
  </h2>
  <Form
    onSubmit={[Function]}
  >
    <FormGroup
      className="mb-3"
      controlId="registerFormEmail"
    >
      <FormLabel>
        Email address
      </FormLabel>
      <FormControl
        onChange={[Function]}
        placeholder="Enter email"
        required={true}
        type="text"
        value=""
      />
    </FormGroup>
    <FormGroup
      className="mb-3"
      controlId="registerFormPassword"
    >
      <FormLabel>
        Password
      </FormLabel>
      <FormControl
        onChange={[Function]}
        placeholder="Password"
        required={true}
        type="password"
        value=""
      />
    </FormGroup>
    <FormGroup
      className="mb-3"
      controlId="registerFormPasswordRepeat"
    >
      <FormLabel>
        Repeat Password
      </FormLabel>
      <FormControl
        onChange={[Function]}
        placeholder="Repeat Password"
        required={true}
        type="password"
        value=""
      />
      <Feedback
        type="invalid"
      >
        Passwords are not equal.
      </Feedback>
    </FormGroup>
    <Button
      type="submit"
      variant="primary"
    >
      Submit
    </Button>
  </Form>
  
</React.Fragment>
`;
