// Jest Snapshot v1, https://goo.gl/fbAQLP

exports[`renders correctly 1`] = `
[
  <h2>
    Register
  </h2>,
  <form
    className=""
    onSubmit={[Function]}
  >
    <div
      className="mb-3"
    >
      <label
        className="form-label"
        htmlFor="registerFormEmail"
      >
        Email address
      </label>
      <input
        className="form-control"
        id="registerFormEmail"
        onChange={[Function]}
        placeholder="Enter email"
        required={true}
        type="text"
        value=""
      />
    </div>
    <div
      className="mb-3"
    >
      <label
        className="form-label"
        htmlFor="registerFormPassword"
      >
        Password
      </label>
      <input
        className="form-control"
        id="registerFormPassword"
        onChange={[Function]}
        placeholder="Password"
        required={true}
        type="password"
        value=""
      />
    </div>
    <div
      className="mb-3"
    >
      <label
        className="form-label"
        htmlFor="registerFormPasswordRepeat"
      >
        Repeat Password
      </label>
      <input
        className="form-control"
        id="registerFormPasswordRepeat"
        onChange={[Function]}
        placeholder="Repeat Password"
        required={true}
        type="password"
        value=""
      />
      <div
        className="invalid-feedback"
      >
        Passwords are not equal.
      </div>
    </div>
    <button
      className="btn btn-primary"
      disabled={false}
      type="submit"
    >
      Submit
    </button>
  </form>,
]
`;
